{
  "data": {
    "country": {
      "awsRegion": "ap-east-1",
      "capital": "Hanoi",
      "code": "VN",
      "continent": {
        "code": "AS",
        "countries": [
          {
            "code": "AE",
            "name": "United Arab Emirates"
          },
          {
            "code": "AF",
            "name": "Afghanistan"
          },
          {
            "code": "AM",
            "name": "Armenia"
          },
          {
            "code": "AZ",
            "name": "Azerbaijan"
          },
          {
            "code": "BD",
            "name": "Bangladesh"
          },
          {
            "code": "BH",
            "name": "Bahrain"
          },
          {
            "code": "BN",
            "name": "Brunei"
          },
          {
            "code": "BT",
            "name": "Bhutan"
          },
          {
            "code": "CC",
            "name": "Cocos [Keeling] Islands"
          },
          {
            "code": "CN",
            "name": "China"
          },
          {
            "code": "CX",
            "name": "Christmas Island"
          },
          {
            "code": "GE",
            "name": "Georgia"
          },
          {
            "code": "HK",
            "name": "Hong Kong"
          },
          {
            "code": "ID",
            "name": "Indonesia"
          },
          {
            "code": "IL",
            "name": "Israel"
          },
          {
            "code": "IN",
            "name": "India"
          },
          {
            "code": "IO",
            "name": "British Indian Ocean Territory"
          },
          {
            "code": "IQ",
            "name": "Iraq"
          },
          {
            "code": "IR",
            "name": "Iran"
          },
          {
            "code": "JO",
            "name": "Jordan"
          },
          {
            "code": "JP",
            "name": "Japan"
          },
          {
            "code": "KG",
            "name": "Kyrgyzstan"
          },
          {
            "code": "KH",
            "name": "Cambodia"
          },
          {
            "code": "KP",
            "name": "North Korea"
          },
          {
            "code": "KR",
            "name": "South Korea"
          },
          {
            "code": "KW",
            "name": "Kuwait"
          },
          {
            "code": "KZ",
            "name": "Kazakhstan"
          },
          {
            "code": "LA",
            "name": "Laos"
          },
          {
            "code": "LB",
            "name": "Lebanon"
          },
          {
            "code": "LK",
            "name": "Sri Lanka"
          },
          {
            "code": "MM",
            "name": "Myanmar [Burma]"
          },
          {
            "code": "MN",
            "name": "Mongolia"
          },
          {
            "code": "MO",
            "name": "Macao"
          },
          {
            "code": "MV",
            "name": "Maldives"
          },
          {
            "code": "MY",
            "name": "Malaysia"
          },
          {
            "code": "NP",
            "name": "Nepal"
          },
          {
            "code": "OM",
            "name": "Oman"
          },
          {
            "code": "PH",
            "name": "Philippines"
          },
          {
            "code": "PK",
            "name": "Pakistan"
          },
          {
            "code": "PS",
            "name": "Palestine"
          },
          {
            "code": "QA",
            "name": "Qatar"
          },
          {
            "code": "SA",
            "name": "Saudi Arabia"
          },
          {
            "code": "SG",
            "name": "Singapore"
          },
          {
            "code": "SY",
            "name": "Syria"
          },
          {
            "code": "TH",
            "name": "Thailand"
          },
          {
            "code": "TJ",
            "name": "Tajikistan"
          },
          {
            "code": "TM",
            "name": "Turkmenistan"
          },
          {
            "code": "TR",
            "name": "Turkey"
          },
          {
            "code": "TW",
            "name": "Taiwan"
          },
          {
            "code": "UZ",
            "name": "Uzbekistan"
          },
          {
            "code": "VN",
            "name": "Vietnam"
          },
          {
            "code": "YE",
            "name": "Yemen"
          }
        ],
        "name": "Asia"
      },
      "currencies": [
        "VND"
      ],
      "currency": "VND",
      "emoji": "üáªüá≥",
      "emojiU": "U+1F1FB U+1F1F3",
      "languages": [
        {
          "code": "vi",
          "name": "Vietnamese",
          "native": "Ti·∫øng Vi·ªát",
          "rtl": false
        }
      ],
      "name": "Vietnam",
      "native": "Vi·ªát Nam",
      "phone": "84",
      "phones": [
        "84"
      ],
      "states": [
        {
          "code": null,
          "country": {
            "code": "VN",
            "name": "Vietnam"
          },
          "name": "H√† N·ªôi"
        },
        {
          "code": null,
          "country": {
            "code": "VN",
            "name": "Vietnam"
          },
          "name": "H√† Giang"
        },
        {
          "code": null,
          "country": {
            "code": "VN",
            "name": "Vietnam"
          },
          "name": "Cao B·∫±ng"
        },
        {
          "code": null,
          "country": {
            "code": "VN",
            "name": "Vietnam"
          },
          "name": "B·∫Øc K·∫°n"
        },
        {
          "code": null,
          "country": {
            "code": "VN",
            "name": "Vietnam"
          },
          "name": "Tuy√™n Quang"
        },
        {
          "code": null,
          "country": {
            "code": "VN",
            "name": "Vietnam"
          },
          "name": "L√†o Cai"
        },
        {
          "code": null,
          "country": {
            "code": "VN",
            "name": "Vietnam"
          },
          "name": "ƒêi·ªán Bi√™n"
        },
        {
          "code": null,
          "country": {
            "code": "VN",
            "name": "Vietnam"
          },
          "name": "Lai Ch√¢u"
        },
        {
          "code": null,
          "country": {
            "code": "VN",
            "name": "Vietnam"
          },
          "name": "S∆°n La"
        },
        {
          "code": null,
          "country": {
            "code": "VN",
            "name": "Vietnam"
          },
          "name": "Y√™n B√°i"
        },
        {
          "code": null,
          "country": {
            "code": "VN",
            "name": "Vietnam"
          },
          "name": "H√≤a B√¨nh"
        },
        {
          "code": null,
          "country": {
            "code": "VN",
            "name": "Vietnam"
          },
          "name": "Th√°i Nguy√™n"
        },
        {
          "code": null,
          "country": {
            "code": "VN",
            "name": "Vietnam"
          },
          "name": "L·∫°ng S∆°n"
        },
        {
          "code": null,
          "country": {
            "code": "VN",
            "name": "Vietnam"
          },
          "name": "Qu·∫£ng Ninh"
        },
        {
          "code": null,
          "country": {
            "code": "VN",
            "name": "Vietnam"
          },
          "name": "B·∫Øc Giang"
        },
        {
          "code": null,
          "country": {
            "code": "VN",
            "name": "Vietnam"
          },
          "name": "Ph√∫ Th·ªç"
        },
        {
          "code": null,
          "country": {
            "code": "VN",
            "name": "Vietnam"
          },
          "name": "Vƒ©nh Ph√∫c"
        },
        {
          "code": null,
          "country": {
            "code": "VN",
            "name": "Vietnam"
          },
          "name": "B·∫Øc Ninh"
        },
        {
          "code": null,
          "country": {
            "code": "VN",
            "name": "Vietnam"
          },
          "name": "H·∫£i D∆∞∆°ng"
        },
        {
          "code": null,
          "country": {
            "code": "VN",
            "name": "Vietnam"
          },
          "name": "H·∫£i Ph√≤ng"
        },
        {
          "code": null,
          "country": {
            "code": "VN",
            "name": "Vietnam"
          },
          "name": "H∆∞ng Y√™n"
        },
        {
          "code": null,
          "country": {
            "code": "VN",
            "name": "Vietnam"
          },
          "name": "Th√°i B√¨nh"
        },
        {
          "code": null,
          "country": {
            "code": "VN",
            "name": "Vietnam"
          },
          "name": "H√† Nam"
        },
        {
          "code": null,
          "country": {
            "code": "VN",
            "name": "Vietnam"
          },
          "name": "Nam ƒê·ªãnh"
        },
        {
          "code": null,
          "country": {
            "code": "VN",
            "name": "Vietnam"
          },
          "name": "Ninh B√¨nh"
        },
        {
          "code": null,
          "country": {
            "code": "VN",
            "name": "Vietnam"
          },
          "name": "Thanh H√≥a"
        },
        {
          "code": null,
          "country": {
            "code": "VN",
            "name": "Vietnam"
          },
          "name": "Ngh·ªá An"
        },
        {
          "code": null,
          "country": {
            "code": "VN",
            "name": "Vietnam"
          },
          "name": "H√† Tƒ©nh"
        },
        {
          "code": null,
          "country": {
            "code": "VN",
            "name": "Vietnam"
          },
          "name": "Qu·∫£ng B√¨nh"
        },
        {
          "code": null,
          "country": {
            "code": "VN",
            "name": "Vietnam"
          },
          "name": "Qu·∫£ng Tr·ªã"
        },
        {
          "code": null,
          "country": {
            "code": "VN",
            "name": "Vietnam"
          },
          "name": "Th·ª´a Thi√™n‚ÄìHu·∫ø"
        },
        {
          "code": null,
          "country": {
            "code": "VN",
            "name": "Vietnam"
          },
          "name": "ƒê√† N·∫µng"
        },
        {
          "code": null,
          "country": {
            "code": "VN",
            "name": "Vietnam"
          },
          "name": "Qu·∫£ng Nam"
        },
        {
          "code": null,
          "country": {
            "code": "VN",
            "name": "Vietnam"
          },
          "name": "Qu·∫£ng Ng√£i"
        },
        {
          "code": null,
          "country": {
            "code": "VN",
            "name": "Vietnam"
          },
          "name": "B√¨nh ƒê·ªãnh"
        },
        {
          "code": null,
          "country": {
            "code": "VN",
            "name": "Vietnam"
          },
          "name": "Ph√∫ Y√™n"
        },
        {
          "code": null,
          "country": {
            "code": "VN",
            "name": "Vietnam"
          },
          "name": "Kh√°nh H√≤a"
        },
        {
          "code": null,
          "country": {
            "code": "VN",
            "name": "Vietnam"
          },
          "name": "Ninh Thu·∫≠n"
        },
        {
          "code": null,
          "country": {
            "code": "VN",
            "name": "Vietnam"
          },
          "name": "B√¨nh Thu·∫≠n"
        },
        {
          "code": null,
          "country": {
            "code": "VN",
            "name": "Vietnam"
          },
          "name": "Kon Tum"
        },
        {
          "code": null,
          "country": {
            "code": "VN",
            "name": "Vietnam"
          },
          "name": "Gia Lai"
        },
        {
          "code": null,
          "country": {
            "code": "VN",
            "name": "Vietnam"
          },
          "name": "ƒê·∫Øk L·∫Øk"
        },
        {
          "code": null,
          "country": {
            "code": "VN",
            "name": "Vietnam"
          },
          "name": "ƒê·∫Øk N√¥ng"
        },
        {
          "code": null,
          "country": {
            "code": "VN",
            "name": "Vietnam"
          },
          "name": "L√¢m ƒê·ªìng"
        },
        {
          "code": null,
          "country": {
            "code": "VN",
            "name": "Vietnam"
          },
          "name": "B√¨nh Ph∆∞·ªõc"
        },
        {
          "code": null,
          "country": {
            "code": "VN",
            "name": "Vietnam"
          },
          "name": "T√¢y Ninh"
        },
        {
          "code": null,
          "country": {
            "code": "VN",
            "name": "Vietnam"
          },
          "name": "B√¨nh D∆∞∆°ng"
        },
        {
          "code": null,
          "country": {
            "code": "VN",
            "name": "Vietnam"
          },
          "name": "ƒê·ªìng Nai"
        },
        {
          "code": null,
          "country": {
            "code": "VN",
            "name": "Vietnam"
          },
          "name": "B√† R·ªãa‚ÄìV≈©ng T√†u"
        },
        {
          "code": null,
          "country": {
            "code": "VN",
            "name": "Vietnam"
          },
          "name": "Th√†nh ph·ªë H·ªì Ch√≠ Minh"
        },
        {
          "code": null,
          "country": {
            "code": "VN",
            "name": "Vietnam"
          },
          "name": "Long An"
        },
        {
          "code": null,
          "country": {
            "code": "VN",
            "name": "Vietnam"
          },
          "name": "Ti·ªÅn Giang"
        },
        {
          "code": null,
          "country": {
            "code": "VN",
            "name": "Vietnam"
          },
          "name": "B·∫øn Tre"
        },
        {
          "code": null,
          "country": {
            "code": "VN",
            "name": "Vietnam"
          },
          "name": "Tr√† Vinh"
        },
        {
          "code": null,
          "country": {
            "code": "VN",
            "name": "Vietnam"
          },
          "name": "Vƒ©nh Long"
        },
        {
          "code": null,
          "country": {
            "code": "VN",
            "name": "Vietnam"
          },
          "name": "ƒê·ªìng Th√°p"
        },
        {
          "code": null,
          "country": {
            "code": "VN",
            "name": "Vietnam"
          },
          "name": "An Giang"
        },
        {
          "code": null,
          "country": {
            "code": "VN",
            "name": "Vietnam"
          },
          "name": "Ki√™n Giang"
        },
        {
          "code": null,
          "country": {
            "code": "VN",
            "name": "Vietnam"
          },
          "name": "C·∫ßn Th∆°"
        },
        {
          "code": null,
          "country": {
            "code": "VN",
            "name": "Vietnam"
          },
          "name": "H·∫≠u Giang"
        },
        {
          "code": null,
          "country": {
            "code": "VN",
            "name": "Vietnam"
          },
          "name": "S√≥c TrƒÉng"
        },
        {
          "code": null,
          "country": {
            "code": "VN",
            "name": "Vietnam"
          },
          "name": "B·∫°c Li√™u"
        },
        {
          "code": null,
          "country": {
            "code": "VN",
            "name": "Vietnam"
          },
          "name": "C√† Mau"
        }
      ],
      "subdivisions": [
        {
          "code": "VN-28",
          "emoji": null,
          "name": "Kon Tum"
        },
        {
          "code": "VN-29",
          "emoji": null,
          "name": "Qu·∫£ng Ng√£i"
        },
        {
          "code": "VN-26",
          "emoji": null,
          "name": "Th·ª´a Thi√™n-Hu·∫ø"
        },
        {
          "code": "VN-27",
          "emoji": null,
          "name": "Qu·∫£ng Nam"
        },
        {
          "code": "VN-24",
          "emoji": null,
          "name": "Qu·∫£ng B√¨nh"
        },
        {
          "code": "VN-25",
          "emoji": null,
          "name": "Qu·∫£ng Tr·ªã"
        },
        {
          "code": "VN-22",
          "emoji": null,
          "name": "Ngh·ªá An"
        },
        {
          "code": "VN-23",
          "emoji": null,
          "name": "H√† Tƒ©nh"
        },
        {
          "code": "VN-20",
          "emoji": null,
          "name": "Th√°i B√¨nh"
        },
        {
          "code": "VN-21",
          "emoji": null,
          "name": "Thanh H√≥a"
        },
        {
          "code": "VN-72",
          "emoji": null,
          "name": "ƒê·∫Øk N√¥ng"
        },
        {
          "code": "VN-70",
          "emoji": null,
          "name": "Vƒ©nh Ph√∫c"
        },
        {
          "code": "VN-67",
          "emoji": null,
          "name": "Nam √ê·ªãnh"
        },
        {
          "code": "VN-49",
          "emoji": null,
          "name": "Vƒ©nh Long"
        },
        {
          "code": "VN-63",
          "emoji": null,
          "name": "H√† Nam"
        },
        {
          "code": "VN-71",
          "emoji": null,
          "name": "ƒêi·ªán Bi√™n"
        },
        {
          "code": "VN-35",
          "emoji": null,
          "name": "L√¢m √ê·ªìng"
        },
        {
          "code": "VN-73",
          "emoji": null,
          "name": "H·∫≠u Giang"
        },
        {
          "code": "VN-61",
          "emoji": null,
          "name": "H·∫£i D∆∞∆°ng"
        },
        {
          "code": "VN-59",
          "emoji": null,
          "name": "C√† Mau"
        },
        {
          "code": "VN-58",
          "emoji": null,
          "name": "B√¨nh Ph∆∞·ªõc"
        },
        {
          "code": "VN-57",
          "emoji": null,
          "name": "B√¨nh D∆∞∆°ng"
        },
        {
          "code": "VN-56",
          "emoji": null,
          "name": "B·∫Øc Ninh"
        },
        {
          "code": "VN-55",
          "emoji": null,
          "name": "B·∫°c Li√™u"
        },
        {
          "code": "VN-54",
          "emoji": null,
          "name": "B·∫Øc Giang"
        },
        {
          "code": "VN-53",
          "emoji": null,
          "name": "B·∫Øc K·∫°n"
        },
        {
          "code": "VN-52",
          "emoji": null,
          "name": "S√≥c TrƒÉng"
        },
        {
          "code": "VN-51",
          "emoji": null,
          "name": "Tr√† Vinh"
        },
        {
          "code": "VN-50",
          "emoji": null,
          "name": "B·∫øn Tre"
        },
        {
          "code": "VN-18",
          "emoji": null,
          "name": "Ninh B√¨nh"
        },
        {
          "code": "VN-39",
          "emoji": null,
          "name": "√ê·ªìng Nai"
        },
        {
          "code": "VN-13",
          "emoji": null,
          "name": "Qu·∫£ng Ninh"
        },
        {
          "code": "VN-34",
          "emoji": null,
          "name": "Kh√°nh H√≤a"
        },
        {
          "code": "VN-37",
          "emoji": null,
          "name": "T√¢y Ninh"
        },
        {
          "code": "VN-36",
          "emoji": null,
          "name": "Ninh Thu·∫≠n"
        },
        {
          "code": "VN-31",
          "emoji": null,
          "name": "B√¨nh ƒê·ªãnh"
        },
        {
          "code": "VN-30",
          "emoji": null,
          "name": "Gia Lai"
        },
        {
          "code": "VN-33",
          "emoji": null,
          "name": "ƒê·∫Øk L·∫Øk"
        },
        {
          "code": "VN-14",
          "emoji": null,
          "name": "H√≤a B√¨nh"
        },
        {
          "code": "VN-32",
          "emoji": null,
          "name": "Ph√∫ Y√™n"
        },
        {
          "code": "VN-69",
          "emoji": null,
          "name": "Th√°i Nguy√™n"
        },
        {
          "code": "VN-45",
          "emoji": null,
          "name": "√ê·ªìng Th√°p"
        },
        {
          "code": "VN-04",
          "emoji": null,
          "name": "Cao B·∫±ng"
        },
        {
          "code": "VN-05",
          "emoji": null,
          "name": "S∆°n La"
        },
        {
          "code": "VN-06",
          "emoji": null,
          "name": "Y√™n B√°i"
        },
        {
          "code": "VN-07",
          "emoji": null,
          "name": "Tuy√™n Quang"
        },
        {
          "code": "VN-66",
          "emoji": null,
          "name": "H∆∞ng Y√™n"
        },
        {
          "code": "VN-01",
          "emoji": null,
          "name": "Lai Ch√¢u"
        },
        {
          "code": "VN-02",
          "emoji": null,
          "name": "L√†o Cai"
        },
        {
          "code": "VN-03",
          "emoji": null,
          "name": "H√† Giang"
        },
        {
          "code": "VN-40",
          "emoji": null,
          "name": "B√¨nh Thu·∫≠n"
        },
        {
          "code": "VN-41",
          "emoji": null,
          "name": "Long An"
        },
        {
          "code": "VN-68",
          "emoji": null,
          "name": "Ph√∫ Th·ªç"
        },
        {
          "code": "VN-43",
          "emoji": null,
          "name": "B√† R·ªãa - V≈©ng T√†u"
        },
        {
          "code": "VN-44",
          "emoji": null,
          "name": "An Giang"
        },
        {
          "code": "VN-09",
          "emoji": null,
          "name": "L·∫°ng S∆°n"
        },
        {
          "code": "VN-46",
          "emoji": null,
          "name": "Ti·ªÅn Giang"
        },
        {
          "code": "VN-47",
          "emoji": null,
          "name": "Ki·∫øn Giang"
        }
      ]
    }
  }
}